// Jest Snapshot v1, https://goo.gl/fbAQLP

exports[`component:button should button function is called 1`] = `
<View
  accessibilityState={
    {
      "busy": undefined,
      "checked": undefined,
      "disabled": undefined,
      "expanded": undefined,
      "selected": undefined,
    }
  }
  accessibilityValue={
    {
      "max": undefined,
      "min": undefined,
      "now": undefined,
      "text": undefined,
    }
  }
  accessible={true}
  collapsable={false}
  focusable={true}
  onClick={[Function]}
  onResponderGrant={[Function]}
  onResponderMove={[Function]}
  onResponderRelease={[Function]}
  onResponderTerminate={[Function]}
  onResponderTerminationRequest={[Function]}
  onStartShouldSetResponder={[Function]}
  style={
    {
      "alignItems": "center",
      "backgroundColor": "#333638",
      "borderColor": "",
      "borderRadius": 6,
      "borderWidth": 0,
      "flexDirection": "row",
      "justifyContent": "center",
      "marginLeft": 24,
      "marginRight": 24,
      "opacity": 1,
      "paddingBottom": 16,
      "paddingLeft": 16,
      "paddingRight": 16,
      "paddingTop": 16,
    }
  }
>
  <Text
    style={
      [
        {
          "color": "#FFFFFF",
          "fontFamily": "NunitoSans_700Bold",
          "fontSize": 16,
        },
      ]
    }
    type="PRIMARY"
  >
    teste
  </Text>
</View>
`;
